// Jest Snapshot v1, https://goo.gl/fbAQLP

exports[`Logo matches snapshot 1`] = `
<View
  style={
    {
      "borderRadius": 14,
      "height": 44,
      "width": 44,
    }
  }
>
  <Image
    contentFit="contain"
    source={
      {
        "testUri": "../../../assets/images/logo.png",
      }
    }
    style={
      {
        "bottom": 0,
        "left": 0,
        "position": "absolute",
        "right": 0,
        "top": 0,
      }
    }
  />
</View>
`;
